// Jest Snapshot v1, https://goo.gl/fbAQLP

exports[`Get customer by ID 1`] = `
Object {
  "_id": "fa9cea31-5df7-4224-af11-32ffe8390714",
  "city": "Hello World",
  "company": "Hello World",
  "email": "Hello World",
  "first_name": "Hello World",
  "gender": "Hello World",
  "last_name": "Hello World",
  "lat": -99.91888169282296,
  "long": 48.90336925743779,
  "title": "Hello World",
}
`;

exports[`Get customers by city 1`] = `
Object {
  "cursor": "Hello World",
  "customers": Array [
    Object {
      "_id": "4de5ad7e-fc6e-464f-8e2d-54d2ccd619b0",
      "first_name": "Hello World",
    },
    Object {
      "_id": "0fe5c2ba-4401-49c7-80fb-2a657678bf94",
      "first_name": "Hello World",
    },
  ],
  "hasMore": false,
}
`;

exports[`Get number of customers by city 1`] = `
Array [
  Object {
    "city": "Hello World",
    "customers_total": 74,
  },
  Object {
    "city": "Hello World",
    "customers_total": -79,
  },
]
`;
